
--- STARTING TESTS ---
1. Registering user...
Register status: 200 { success: true, message: 'Registration successful' }

2. Checking DB...
Hash in DB: $argon2id$v=19$m=65536,t=3,p=4$5cy81hAt9Z/zd+9SAJbW6w$sbyiFg34w/glExp8w/mRUiWKDI2Cipjtg7IUVD0DDsw
Γ£ô Verified: Password is an Argon2 hash in the DB.

3. Trying login with wrong password...
Wrong password response: { success: false, message: 'Invalid credentials' }
Γ£ô Verified: Login failed with incorrect password.

4. Trying login with correct password...
Correct password response: {
  success: true,
  user: {
    id: 17,
    username: 'testuser_1774074431753',
    password: '$argon2id$v=19$m=65536,t=3,p=4$5cy81hAt9Z/zd+9SAJbW6w$sbyiFg34w/glExp8w/mRUiWKDI2Cipjtg7IUVD0DDsw',
    role: 'patient'
  }
}
Γ£ô Verified: Login successful with correct password.

--- ALL TESTS PASSED ---
